2026-02-02T10:33:46.523014Z  INFO tailwindcss_oxide::scanner: Provided sources:
2026-02-02T10:33:46.523209Z  INFO tailwindcss_oxide::scanner: Source: PublicSourceEntry { base: "D:\\Freelancer\\constructor-management\\construction_frontend", pattern: "**/*", negated: false }
2026-02-02T10:33:46.523565Z  INFO tailwindcss_oxide::scanner: Optimized sources:
2026-02-02T10:33:46.523589Z  INFO tailwindcss_oxide::scanner: Source: Auto { base: "D:\\Freelancer\\constructor-management\\construction_frontend" }
2026-02-02T10:33:46.526288Z  INFO scan_sources: tailwindcss_oxide::scanner: enter
2026-02-02T10:33:46.540024Z  INFO scan_sources: tailwindcss_oxide::scanner: Discovering "D:\\Freelancer\\constructor-management\\construction_frontend\\.vscode"
2026-02-02T10:33:46.540247Z  INFO scan_sources: tailwindcss_oxide::scanner: Discovering "D:\\Freelancer\\constructor-management\\construction_frontend\\.vscode\\launch.json"
2026-02-02T10:33:46.540374Z  INFO scan_sources: tailwindcss_oxide::scanner: Discovering "D:\\Freelancer\\constructor-management\\construction_frontend\\eslint.config.mjs"
2026-02-02T10:33:46.540498Z  INFO scan_sources: tailwindcss_oxide::scanner: Discovering "D:\\Freelancer\\constructor-management\\construction_frontend\\messages"
2026-02-02T10:33:46.540652Z  INFO scan_sources: tailwindcss_oxide::scanner: Discovering "D:\\Freelancer\\constructor-management\\construction_frontend\\messages\\en.json"
2026-02-02T10:33:46.540717Z  INFO scan_sources: tailwindcss_oxide::scanner: Discovering "D:\\Freelancer\\constructor-management\\construction_frontend\\messages\\vi.json"
2026-02-02T10:33:46.540831Z  INFO scan_sources: tailwindcss_oxide::scanner: Discovering "D:\\Freelancer\\constructor-management\\construction_frontend\\next.config.ts"
2026-02-02T10:33:46.541065Z  INFO scan_sources: tailwindcss_oxide::scanner: Discovering "D:\\Freelancer\\constructor-management\\construction_frontend\\package.json"
2026-02-02T10:33:46.541131Z  INFO scan_sources: tailwindcss_oxide::scanner: Discovering "D:\\Freelancer\\constructor-management\\construction_frontend\\postcss.config.mjs"
2026-02-02T10:33:46.541230Z  INFO scan_sources: tailwindcss_oxide::scanner: Discovering "D:\\Freelancer\\constructor-management\\construction_frontend\\public"
2026-02-02T10:33:46.541408Z  INFO scan_sources: tailwindcss_oxide::scanner: Discovering "D:\\Freelancer\\constructor-management\\construction_frontend\\public\\banner"
2026-02-02T10:33:46.541628Z  INFO scan_sources: tailwindcss_oxide::scanner: Discovering "D:\\Freelancer\\constructor-management\\construction_frontend\\public\\certificate"
2026-02-02T10:33:46.541831Z  INFO scan_sources: tailwindcss_oxide::scanner: Discovering "D:\\Freelancer\\constructor-management\\construction_frontend\\public\\design-consulting"
2026-02-02T10:33:46.542036Z  INFO scan_sources: tailwindcss_oxide::scanner: Discovering "D:\\Freelancer\\constructor-management\\construction_frontend\\public\\file.svg"
2026-02-02T10:33:46.542099Z  INFO scan_sources: tailwindcss_oxide::scanner: Discovering "D:\\Freelancer\\constructor-management\\construction_frontend\\public\\globe.svg"
2026-02-02T10:33:46.542195Z  INFO scan_sources: tailwindcss_oxide::scanner: Discovering "D:\\Freelancer\\constructor-management\\construction_frontend\\public\\image"
2026-02-02T10:33:46.542358Z  INFO scan_sources: tailwindcss_oxide::scanner: Discovering "D:\\Freelancer\\constructor-management\\construction_frontend\\public\\next.svg"
2026-02-02T10:33:46.542471Z  INFO scan_sources: tailwindcss_oxide::scanner: Discovering "D:\\Freelancer\\constructor-management\\construction_frontend\\public\\persons"
2026-02-02T10:33:46.542662Z  INFO scan_sources: tailwindcss_oxide::scanner: Discovering "D:\\Freelancer\\constructor-management\\construction_frontend\\public\\products"
2026-02-02T10:33:46.542852Z  INFO scan_sources: tailwindcss_oxide::scanner: Discovering "D:\\Freelancer\\constructor-management\\construction_frontend\\public\\project-management"
2026-02-02T10:33:46.543029Z  INFO scan_sources: tailwindcss_oxide::scanner: Discovering "D:\\Freelancer\\constructor-management\\construction_frontend\\public\\vercel.svg"
2026-02-02T10:33:46.543162Z  INFO scan_sources: tailwindcss_oxide::scanner: Discovering "D:\\Freelancer\\constructor-management\\construction_frontend\\public\\window.svg"
2026-02-02T10:33:46.543265Z  INFO scan_sources: tailwindcss_oxide::scanner: Discovering "D:\\Freelancer\\constructor-management\\construction_frontend\\README.md"
2026-02-02T10:33:46.543360Z  INFO scan_sources: tailwindcss_oxide::scanner: Discovering "D:\\Freelancer\\constructor-management\\construction_frontend\\src"
2026-02-02T10:33:46.543534Z  INFO scan_sources: tailwindcss_oxide::scanner: Discovering "D:\\Freelancer\\constructor-management\\construction_frontend\\src\\app"
2026-02-02T10:33:46.543698Z  INFO scan_sources: tailwindcss_oxide::scanner: Discovering "D:\\Freelancer\\constructor-management\\construction_frontend\\src\\app\\about"
2026-02-02T10:33:46.543833Z  INFO scan_sources: tailwindcss_oxide::scanner: Discovering "D:\\Freelancer\\constructor-management\\construction_frontend\\src\\app\\about\\page.tsx"
2026-02-02T10:33:46.543958Z  INFO scan_sources: tailwindcss_oxide::scanner: Discovering "D:\\Freelancer\\constructor-management\\construction_frontend\\src\\app\\admin"
2026-02-02T10:33:46.544152Z  INFO scan_sources: tailwindcss_oxide::scanner: Discovering "D:\\Freelancer\\constructor-management\\construction_frontend\\src\\app\\admin\\contacts"
2026-02-02T10:33:46.544298Z  INFO scan_sources: tailwindcss_oxide::scanner: Discovering "D:\\Freelancer\\constructor-management\\construction_frontend\\src\\app\\admin\\contacts\\page.tsx"
2026-02-02T10:33:46.544478Z  INFO scan_sources: tailwindcss_oxide::scanner: Discovering "D:\\Freelancer\\constructor-management\\construction_frontend\\src\\app\\admin\\dashboard"
2026-02-02T10:33:46.544648Z  INFO scan_sources: tailwindcss_oxide::scanner: Discovering "D:\\Freelancer\\constructor-management\\construction_frontend\\src\\app\\admin\\dashboard\\page.tsx"
2026-02-02T10:33:46.544773Z  INFO scan_sources: tailwindcss_oxide::scanner: Discovering "D:\\Freelancer\\constructor-management\\construction_frontend\\src\\app\\admin\\design-templates"
2026-02-02T10:33:46.544917Z  INFO scan_sources: tailwindcss_oxide::scanner: Discovering "D:\\Freelancer\\constructor-management\\construction_frontend\\src\\app\\admin\\design-templates\\page.tsx"
2026-02-02T10:33:46.545001Z  INFO scan_sources: tailwindcss_oxide::scanner: Discovering "D:\\Freelancer\\constructor-management\\construction_frontend\\src\\app\\admin\\layout.tsx"
2026-02-02T10:33:46.545061Z  INFO scan_sources: tailwindcss_oxide::scanner: Discovering "D:\\Freelancer\\constructor-management\\construction_frontend\\src\\app\\admin\\page.tsx"
2026-02-02T10:33:46.545153Z  INFO scan_sources: tailwindcss_oxide::scanner: Discovering "D:\\Freelancer\\constructor-management\\construction_frontend\\src\\app\\admin\\projects"
2026-02-02T10:33:46.545322Z  INFO scan_sources: tailwindcss_oxide::scanner: Discovering "D:\\Freelancer\\constructor-management\\construction_frontend\\src\\app\\admin\\projects\\component"
2026-02-02T10:33:46.545469Z  INFO scan_sources: tailwindcss_oxide::scanner: Discovering "D:\\Freelancer\\constructor-management\\construction_frontend\\src\\app\\admin\\projects\\component\\DetailModal.tsx"
2026-02-02T10:33:46.545531Z  INFO scan_sources: tailwindcss_oxide::scanner: Discovering "D:\\Freelancer\\constructor-management\\construction_frontend\\src\\app\\admin\\projects\\component\\FormModal.tsx"
2026-02-02T10:33:46.545592Z  INFO scan_sources: tailwindcss_oxide::scanner: Discovering "D:\\Freelancer\\constructor-management\\construction_frontend\\src\\app\\admin\\projects\\component\\ProjectColumns.tsx"
2026-02-02T10:33:46.545721Z  INFO scan_sources: tailwindcss_oxide::scanner: Discovering "D:\\Freelancer\\constructor-management\\construction_frontend\\src\\app\\admin\\projects\\hooks"
2026-02-02T10:33:46.545865Z  INFO scan_sources: tailwindcss_oxide::scanner: Discovering "D:\\Freelancer\\constructor-management\\construction_frontend\\src\\app\\admin\\projects\\hooks\\useProjectManagement.ts"
2026-02-02T10:33:46.546013Z  INFO scan_sources: tailwindcss_oxide::scanner: Discovering "D:\\Freelancer\\constructor-management\\construction_frontend\\src\\app\\admin\\projects\\page.tsx"
2026-02-02T10:33:46.546081Z  INFO scan_sources: tailwindcss_oxide::scanner: Discovering "D:\\Freelancer\\constructor-management\\construction_frontend\\src\\app\\admin\\projects\\projects-management.tsx"
2026-02-02T10:33:46.546217Z  INFO scan_sources: tailwindcss_oxide::scanner: Discovering "D:\\Freelancer\\constructor-management\\construction_frontend\\src\\app\\api"
2026-02-02T10:33:46.546381Z  INFO scan_sources: tailwindcss_oxide::scanner: Discovering "D:\\Freelancer\\constructor-management\\construction_frontend\\src\\app\\api\\auth"
2026-02-02T10:33:46.546548Z  INFO scan_sources: tailwindcss_oxide::scanner: Discovering "D:\\Freelancer\\constructor-management\\construction_frontend\\src\\app\\api\\auth\\register"
2026-02-02T10:33:46.546682Z  INFO scan_sources: tailwindcss_oxide::scanner: Discovering "D:\\Freelancer\\constructor-management\\construction_frontend\\src\\app\\api\\auth\\register\\route.ts"
2026-02-02T10:33:46.546802Z  INFO scan_sources: tailwindcss_oxide::scanner: Discovering "D:\\Freelancer\\constructor-management\\construction_frontend\\src\\app\\api\\auth\\[...nextauth]"
2026-02-02T10:33:46.546950Z  INFO scan_sources: tailwindcss_oxide::scanner: Discovering "D:\\Freelancer\\constructor-management\\construction_frontend\\src\\app\\api\\auth\\[...nextauth]\\route.ts"
2026-02-02T10:33:46.547099Z  INFO scan_sources: tailwindcss_oxide::scanner: Discovering "D:\\Freelancer\\constructor-management\\construction_frontend\\src\\app\\auth"
2026-02-02T10:33:46.547234Z  INFO scan_sources: tailwindcss_oxide::scanner: Discovering "D:\\Freelancer\\constructor-management\\construction_frontend\\src\\app\\auth\\auth.css"
2026-02-02T10:33:46.547330Z  INFO scan_sources: tailwindcss_oxide::scanner: Discovering "D:\\Freelancer\\constructor-management\\construction_frontend\\src\\app\\auth\\component"
2026-02-02T10:33:46.547472Z  INFO scan_sources: tailwindcss_oxide::scanner: Discovering "D:\\Freelancer\\constructor-management\\construction_frontend\\src\\app\\auth\\component\\LoginForm.tsx"
2026-02-02T10:33:46.547536Z  INFO scan_sources: tailwindcss_oxide::scanner: Discovering "D:\\Freelancer\\constructor-management\\construction_frontend\\src\\app\\auth\\component\\RegisterForm.tsx"
2026-02-02T10:33:46.547615Z  INFO scan_sources: tailwindcss_oxide::scanner: Discovering "D:\\Freelancer\\constructor-management\\construction_frontend\\src\\app\\auth\\layout.tsx"
2026-02-02T10:33:46.547674Z  INFO scan_sources: tailwindcss_oxide::scanner: Discovering "D:\\Freelancer\\constructor-management\\construction_frontend\\src\\app\\auth\\page.tsx"
2026-02-02T10:33:46.547768Z  INFO scan_sources: tailwindcss_oxide::scanner: Discovering "D:\\Freelancer\\constructor-management\\construction_frontend\\src\\app\\auth\\redirect"
2026-02-02T10:33:46.547897Z  INFO scan_sources: tailwindcss_oxide::scanner: Discovering "D:\\Freelancer\\constructor-management\\construction_frontend\\src\\app\\auth\\redirect\\page.tsx"
2026-02-02T10:33:46.548027Z  INFO scan_sources: tailwindcss_oxide::scanner: Discovering "D:\\Freelancer\\constructor-management\\construction_frontend\\src\\app\\contact"
2026-02-02T10:33:46.548154Z  INFO scan_sources: tailwindcss_oxide::scanner: Discovering "D:\\Freelancer\\constructor-management\\construction_frontend\\src\\app\\contact\\page.tsx"
2026-02-02T10:33:46.548247Z  INFO scan_sources: tailwindcss_oxide::scanner: Discovering "D:\\Freelancer\\constructor-management\\construction_frontend\\src\\app\\globals.css"
2026-02-02T10:33:46.548311Z  INFO scan_sources: tailwindcss_oxide::scanner: Discovering "D:\\Freelancer\\constructor-management\\construction_frontend\\src\\app\\layout.tsx"
2026-02-02T10:33:46.548377Z  INFO scan_sources: tailwindcss_oxide::scanner: Discovering "D:\\Freelancer\\constructor-management\\construction_frontend\\src\\app\\not-found.tsx"
2026-02-02T10:33:46.548439Z  INFO scan_sources: tailwindcss_oxide::scanner: Discovering "D:\\Freelancer\\constructor-management\\construction_frontend\\src\\app\\page.tsx"
2026-02-02T10:33:46.548537Z  INFO scan_sources: tailwindcss_oxide::scanner: Discovering "D:\\Freelancer\\constructor-management\\construction_frontend\\src\\app\\projects"
2026-02-02T10:33:46.548704Z  INFO scan_sources: tailwindcss_oxide::scanner: Discovering "D:\\Freelancer\\constructor-management\\construction_frontend\\src\\app\\projects\\completed"
2026-02-02T10:33:46.548833Z  INFO scan_sources: tailwindcss_oxide::scanner: Discovering "D:\\Freelancer\\constructor-management\\construction_frontend\\src\\app\\projects\\completed\\page.tsx"
2026-02-02T10:33:46.548944Z  INFO scan_sources: tailwindcss_oxide::scanner: Discovering "D:\\Freelancer\\constructor-management\\construction_frontend\\src\\app\\projects\\design-templates"
2026-02-02T10:33:46.549074Z  INFO scan_sources: tailwindcss_oxide::scanner: Discovering "D:\\Freelancer\\constructor-management\\construction_frontend\\src\\app\\projects\\design-templates\\page.tsx"
2026-02-02T10:33:46.549185Z  INFO scan_sources: tailwindcss_oxide::scanner: Discovering "D:\\Freelancer\\constructor-management\\construction_frontend\\src\\app\\projects\\in-progress"
2026-02-02T10:33:46.549314Z  INFO scan_sources: tailwindcss_oxide::scanner: Discovering "D:\\Freelancer\\constructor-management\\construction_frontend\\src\\app\\projects\\in-progress\\page.tsx"
2026-02-02T10:33:46.549395Z  INFO scan_sources: tailwindcss_oxide::scanner: Discovering "D:\\Freelancer\\constructor-management\\construction_frontend\\src\\app\\projects\\page.tsx"
2026-02-02T10:33:46.549487Z  INFO scan_sources: tailwindcss_oxide::scanner: Discovering "D:\\Freelancer\\constructor-management\\construction_frontend\\src\\app\\projects\\[slug]"
2026-02-02T10:33:46.549614Z  INFO scan_sources: tailwindcss_oxide::scanner: Discovering "D:\\Freelancer\\constructor-management\\construction_frontend\\src\\app\\projects\\[slug]\\page.tsx"
2026-02-02T10:33:46.549740Z  INFO scan_sources: tailwindcss_oxide::scanner: Discovering "D:\\Freelancer\\constructor-management\\construction_frontend\\src\\app\\services"
2026-02-02T10:33:46.549907Z  INFO scan_sources: tailwindcss_oxide::scanner: Discovering "D:\\Freelancer\\constructor-management\\construction_frontend\\src\\app\\services\\bidding-consulting"
2026-02-02T10:33:46.550037Z  INFO scan_sources: tailwindcss_oxide::scanner: Discovering "D:\\Freelancer\\constructor-management\\construction_frontend\\src\\app\\services\\bidding-consulting\\page.tsx"
2026-02-02T10:33:46.550147Z  INFO scan_sources: tailwindcss_oxide::scanner: Discovering "D:\\Freelancer\\constructor-management\\construction_frontend\\src\\app\\services\\construction"
2026-02-02T10:33:46.550274Z  INFO scan_sources: tailwindcss_oxide::scanner: Discovering "D:\\Freelancer\\constructor-management\\construction_frontend\\src\\app\\services\\construction\\page.tsx"
2026-02-02T10:33:46.550386Z  INFO scan_sources: tailwindcss_oxide::scanner: Discovering "D:\\Freelancer\\constructor-management\\construction_frontend\\src\\app\\services\\design-consulting"
2026-02-02T10:33:46.550517Z  INFO scan_sources: tailwindcss_oxide::scanner: Discovering "D:\\Freelancer\\constructor-management\\construction_frontend\\src\\app\\services\\design-consulting\\page.tsx"
2026-02-02T10:33:46.550594Z  INFO scan_sources: tailwindcss_oxide::scanner: Discovering "D:\\Freelancer\\constructor-management\\construction_frontend\\src\\app\\services\\page.tsx"
2026-02-02T10:33:46.550695Z  INFO scan_sources: tailwindcss_oxide::scanner: Discovering "D:\\Freelancer\\constructor-management\\construction_frontend\\src\\app\\services\\project-management"
2026-02-02T10:33:46.550836Z  INFO scan_sources: tailwindcss_oxide::scanner: Discovering "D:\\Freelancer\\constructor-management\\construction_frontend\\src\\app\\services\\project-management\\page.tsx"
2026-02-02T10:33:46.550940Z  INFO scan_sources: tailwindcss_oxide::scanner: Discovering "D:\\Freelancer\\constructor-management\\construction_frontend\\src\\app\\services\\supervision"
2026-02-02T10:33:46.551061Z  INFO scan_sources: tailwindcss_oxide::scanner: Discovering "D:\\Freelancer\\constructor-management\\construction_frontend\\src\\app\\services\\supervision\\page.tsx"
2026-02-02T10:33:46.551224Z  INFO scan_sources: tailwindcss_oxide::scanner: Discovering "D:\\Freelancer\\constructor-management\\construction_frontend\\src\\app\\store"
2026-02-02T10:33:46.551350Z  INFO scan_sources: tailwindcss_oxide::scanner: Discovering "D:\\Freelancer\\constructor-management\\construction_frontend\\src\\app\\store\\page.tsx"
2026-02-02T10:33:46.551479Z  INFO scan_sources: tailwindcss_oxide::scanner: Discovering "D:\\Freelancer\\constructor-management\\construction_frontend\\src\\components"
2026-02-02T10:33:46.551635Z  INFO scan_sources: tailwindcss_oxide::scanner: Discovering "D:\\Freelancer\\constructor-management\\construction_frontend\\src\\components\\admin"
2026-02-02T10:33:46.551761Z  INFO scan_sources: tailwindcss_oxide::scanner: Discovering "D:\\Freelancer\\constructor-management\\construction_frontend\\src\\components\\admin\\AdminProtected.tsx"
2026-02-02T10:33:46.551821Z  INFO scan_sources: tailwindcss_oxide::scanner: Discovering "D:\\Freelancer\\constructor-management\\construction_frontend\\src\\components\\admin\\AdminProvider.tsx"
2026-02-02T10:33:46.551893Z  INFO scan_sources: tailwindcss_oxide::scanner: Discovering "D:\\Freelancer\\constructor-management\\construction_frontend\\src\\components\\AntdRegistry.tsx"
2026-02-02T10:33:46.551980Z  INFO scan_sources: tailwindcss_oxide::scanner: Discovering "D:\\Freelancer\\constructor-management\\construction_frontend\\src\\components\\auth"
2026-02-02T10:33:46.552101Z  INFO scan_sources: tailwindcss_oxide::scanner: Discovering "D:\\Freelancer\\constructor-management\\construction_frontend\\src\\components\\auth\\AuthButtons.tsx"
2026-02-02T10:33:46.552161Z  INFO scan_sources: tailwindcss_oxide::scanner: Discovering "D:\\Freelancer\\constructor-management\\construction_frontend\\src\\components\\auth\\UnauthorizedPage.tsx"
2026-02-02T10:33:46.552235Z  INFO scan_sources: tailwindcss_oxide::scanner: Discovering "D:\\Freelancer\\constructor-management\\construction_frontend\\src\\components\\ConditionalLayout.tsx"
2026-02-02T10:33:46.552301Z  INFO scan_sources: tailwindcss_oxide::scanner: Discovering "D:\\Freelancer\\constructor-management\\construction_frontend\\src\\components\\Footer.tsx"
2026-02-02T10:33:46.552356Z  INFO scan_sources: tailwindcss_oxide::scanner: Discovering "D:\\Freelancer\\constructor-management\\construction_frontend\\src\\components\\Header.tsx"
2026-02-02T10:33:46.552413Z  INFO scan_sources: tailwindcss_oxide::scanner: Discovering "D:\\Freelancer\\constructor-management\\construction_frontend\\src\\components\\MainContent.tsx"
2026-02-02T10:33:46.552469Z  INFO scan_sources: tailwindcss_oxide::scanner: Discovering "D:\\Freelancer\\constructor-management\\construction_frontend\\src\\components\\MUIThemeProvider.tsx"
2026-02-02T10:33:46.552555Z  INFO scan_sources: tailwindcss_oxide::scanner: Discovering "D:\\Freelancer\\constructor-management\\construction_frontend\\src\\components\\ui"
2026-02-02T10:33:46.552679Z  INFO scan_sources: tailwindcss_oxide::scanner: Discovering "D:\\Freelancer\\constructor-management\\construction_frontend\\src\\components\\ui\\BrandLogo.tsx"
2026-02-02T10:33:46.552736Z  INFO scan_sources: tailwindcss_oxide::scanner: Discovering "D:\\Freelancer\\constructor-management\\construction_frontend\\src\\components\\ui\\button.tsx"
2026-02-02T10:33:46.552793Z  INFO scan_sources: tailwindcss_oxide::scanner: Discovering "D:\\Freelancer\\constructor-management\\construction_frontend\\src\\components\\ui\\card.tsx"
2026-02-02T10:33:46.552860Z  INFO scan_sources: tailwindcss_oxide::scanner: Discovering "D:\\Freelancer\\constructor-management\\construction_frontend\\src\\components\\ui\\ImageMarquee.tsx"
2026-02-02T10:33:46.552914Z  INFO scan_sources: tailwindcss_oxide::scanner: Discovering "D:\\Freelancer\\constructor-management\\construction_frontend\\src\\components\\ui\\PhoneButton.tsx"
2026-02-02T10:33:46.552969Z  INFO scan_sources: tailwindcss_oxide::scanner: Discovering "D:\\Freelancer\\constructor-management\\construction_frontend\\src\\components\\ui\\tabs.tsx"
2026-02-02T10:33:46.553087Z  INFO scan_sources: tailwindcss_oxide::scanner: Discovering "D:\\Freelancer\\constructor-management\\construction_frontend\\src\\constants"
2026-02-02T10:33:46.553207Z  INFO scan_sources: tailwindcss_oxide::scanner: Discovering "D:\\Freelancer\\constructor-management\\construction_frontend\\src\\constants\\contact.ts"
2026-02-02T10:33:46.553313Z  INFO scan_sources: tailwindcss_oxide::scanner: Discovering "D:\\Freelancer\\constructor-management\\construction_frontend\\src\\contexts"
2026-02-02T10:33:46.553436Z  INFO scan_sources: tailwindcss_oxide::scanner: Discovering "D:\\Freelancer\\constructor-management\\construction_frontend\\src\\contexts\\LocaleContext.tsx"
2026-02-02T10:33:46.553540Z  INFO scan_sources: tailwindcss_oxide::scanner: Discovering "D:\\Freelancer\\constructor-management\\construction_frontend\\src\\hooks"
2026-02-02T10:33:46.553662Z  INFO scan_sources: tailwindcss_oxide::scanner: Discovering "D:\\Freelancer\\constructor-management\\construction_frontend\\src\\hooks\\useAuth.ts"
2026-02-02T10:33:46.553717Z  INFO scan_sources: tailwindcss_oxide::scanner: Discovering "D:\\Freelancer\\constructor-management\\construction_frontend\\src\\hooks\\useContacts.ts"
2026-02-02T10:33:46.553770Z  INFO scan_sources: tailwindcss_oxide::scanner: Discovering "D:\\Freelancer\\constructor-management\\construction_frontend\\src\\hooks\\useProjectCategories.ts"
2026-02-02T10:33:46.553847Z  INFO scan_sources: tailwindcss_oxide::scanner: Discovering "D:\\Freelancer\\constructor-management\\construction_frontend\\src\\hooks\\useProjects.ts"
2026-02-02T10:33:46.553900Z  INFO scan_sources: tailwindcss_oxide::scanner: Discovering "D:\\Freelancer\\constructor-management\\construction_frontend\\src\\hooks\\useScrollAnimations.tsx"
2026-02-02T10:33:46.553952Z  INFO scan_sources: tailwindcss_oxide::scanner: Discovering "D:\\Freelancer\\constructor-management\\construction_frontend\\src\\hooks\\useTranslations.ts"
2026-02-02T10:33:46.554051Z  INFO scan_sources: tailwindcss_oxide::scanner: Discovering "D:\\Freelancer\\constructor-management\\construction_frontend\\src\\lib"
2026-02-02T10:33:46.554171Z  INFO scan_sources: tailwindcss_oxide::scanner: Discovering "D:\\Freelancer\\constructor-management\\construction_frontend\\src\\lib\\axios.ts"
2026-02-02T10:33:46.554225Z  INFO scan_sources: tailwindcss_oxide::scanner: Discovering "D:\\Freelancer\\constructor-management\\construction_frontend\\src\\lib\\utils.ts"
2026-02-02T10:33:46.554297Z  INFO scan_sources: tailwindcss_oxide::scanner: Discovering "D:\\Freelancer\\constructor-management\\construction_frontend\\src\\middleware.ts"
2026-02-02T10:33:46.554381Z  INFO scan_sources: tailwindcss_oxide::scanner: Discovering "D:\\Freelancer\\constructor-management\\construction_frontend\\src\\providers"
2026-02-02T10:33:46.554501Z  INFO scan_sources: tailwindcss_oxide::scanner: Discovering "D:\\Freelancer\\constructor-management\\construction_frontend\\src\\providers\\AuthProvider.tsx"
2026-02-02T10:33:46.554555Z  INFO scan_sources: tailwindcss_oxide::scanner: Discovering "D:\\Freelancer\\constructor-management\\construction_frontend\\src\\providers\\QueryProvider.tsx"
2026-02-02T10:33:46.554660Z  INFO scan_sources: tailwindcss_oxide::scanner: Discovering "D:\\Freelancer\\constructor-management\\construction_frontend\\src\\services"
2026-02-02T10:33:46.554780Z  INFO scan_sources: tailwindcss_oxide::scanner: Discovering "D:\\Freelancer\\constructor-management\\construction_frontend\\src\\services\\authService.ts"
2026-02-02T10:33:46.554857Z  INFO scan_sources: tailwindcss_oxide::scanner: Discovering "D:\\Freelancer\\constructor-management\\construction_frontend\\src\\services\\cloudinaryService.ts"
2026-02-02T10:33:46.554924Z  INFO scan_sources: tailwindcss_oxide::scanner: Discovering "D:\\Freelancer\\constructor-management\\construction_frontend\\src\\services\\contactService.ts"
2026-02-02T10:33:46.554976Z  INFO scan_sources: tailwindcss_oxide::scanner: Discovering "D:\\Freelancer\\constructor-management\\construction_frontend\\src\\services\\projectCategoriesService.ts"
2026-02-02T10:33:46.555032Z  INFO scan_sources: tailwindcss_oxide::scanner: Discovering "D:\\Freelancer\\constructor-management\\construction_frontend\\src\\services\\projectService.ts"
2026-02-02T10:33:46.555147Z  INFO scan_sources: tailwindcss_oxide::scanner: Discovering "D:\\Freelancer\\constructor-management\\construction_frontend\\src\\types"
2026-02-02T10:33:46.555266Z  INFO scan_sources: tailwindcss_oxide::scanner: Discovering "D:\\Freelancer\\constructor-management\\construction_frontend\\src\\types\\api.ts"
2026-02-02T10:33:46.555320Z  INFO scan_sources: tailwindcss_oxide::scanner: Discovering "D:\\Freelancer\\constructor-management\\construction_frontend\\src\\types\\contact.ts"
2026-02-02T10:33:46.555373Z  INFO scan_sources: tailwindcss_oxide::scanner: Discovering "D:\\Freelancer\\constructor-management\\construction_frontend\\src\\types\\next-auth.d.ts"
2026-02-02T10:33:46.555427Z  INFO scan_sources: tailwindcss_oxide::scanner: Discovering "D:\\Freelancer\\constructor-management\\construction_frontend\\src\\types\\project.ts"
2026-02-02T10:33:46.555480Z  INFO scan_sources: tailwindcss_oxide::scanner: Discovering "D:\\Freelancer\\constructor-management\\construction_frontend\\src\\types\\projectCategory.ts"
2026-02-02T10:33:46.555580Z  INFO scan_sources: tailwindcss_oxide::scanner: Discovering "D:\\Freelancer\\constructor-management\\construction_frontend\\src\\utils"
2026-02-02T10:33:46.555697Z  INFO scan_sources: tailwindcss_oxide::scanner: Discovering "D:\\Freelancer\\constructor-management\\construction_frontend\\src\\utils\\projectHelpers.ts"
2026-02-02T10:33:46.555802Z  INFO scan_sources: tailwindcss_oxide::scanner: Discovering "D:\\Freelancer\\constructor-management\\construction_frontend\\tsconfig.json"
2026-02-02T10:33:46.555966Z  INFO scan_sources: tailwindcss_oxide::scanner: exit
2026-02-02T10:33:46.555983Z  INFO extract_candidates: tailwindcss_oxide::scanner: enter
2026-02-02T10:33:46.555997Z  INFO extract_candidates:read_all_files: tailwindcss_oxide::scanner: enter
2026-02-02T10:33:46.556001Z  INFO extract_candidates:read_all_files: tailwindcss_oxide::scanner: Reading 89 file(s)
2026-02-02T10:33:46.556581Z  INFO tailwindcss_oxide::scanner: Reading "D:\\Freelancer\\constructor-management\\construction_frontend\\package.json"
2026-02-02T10:33:46.556771Z  INFO tailwindcss_oxide::scanner: Reading "D:\\Freelancer\\constructor-management\\construction_frontend\\postcss.config.mjs"
2026-02-02T10:33:46.556874Z  INFO tailwindcss_oxide::scanner: Reading "D:\\Freelancer\\constructor-management\\construction_frontend\\README.md"
2026-02-02T10:33:46.556969Z  INFO tailwindcss_oxide::scanner: Reading "D:\\Freelancer\\constructor-management\\construction_frontend\\src\\app\\layout.tsx"
2026-02-02T10:33:46.557017Z  INFO tailwindcss_oxide::scanner: Reading "D:\\Freelancer\\constructor-management\\construction_frontend\\eslint.config.mjs"
2026-02-02T10:33:46.557024Z  INFO tailwindcss_oxide::scanner: Reading "D:\\Freelancer\\constructor-management\\construction_frontend\\src\\app\\admin\\projects\\hooks\\useProjectManagement.ts"
2026-02-02T10:33:46.557045Z  INFO tailwindcss_oxide::scanner: Reading "D:\\Freelancer\\constructor-management\\construction_frontend\\src\\app\\admin\\design-templates\\page.tsx"
2026-02-02T10:33:46.557041Z  INFO tailwindcss_oxide::scanner: Reading "D:\\Freelancer\\constructor-management\\construction_frontend\\src\\app\\services\\page.tsx"
2026-02-02T10:33:46.557054Z  INFO tailwindcss_oxide::scanner: Reading "D:\\Freelancer\\constructor-management\\construction_frontend\\messages\\en.json"
2026-02-02T10:33:46.557060Z  INFO tailwindcss_oxide::scanner: Reading "D:\\Freelancer\\constructor-management\\construction_frontend\\src\\hooks\\useAuth.ts"
2026-02-02T10:33:46.557181Z  INFO tailwindcss_oxide::scanner: Reading "D:\\Freelancer\\constructor-management\\construction_frontend\\src\\app\\about\\page.tsx"
2026-02-02T10:33:46.557395Z  INFO tailwindcss_oxide::scanner: Reading "D:\\Freelancer\\constructor-management\\construction_frontend\\src\\app\\not-found.tsx"
2026-02-02T10:33:46.557419Z  INFO tailwindcss_oxide::scanner: Reading "D:\\Freelancer\\constructor-management\\construction_frontend\\next.config.ts"
2026-02-02T10:33:46.557462Z  INFO tailwindcss_oxide::scanner: Reading "D:\\Freelancer\\constructor-management\\construction_frontend\\messages\\vi.json"
2026-02-02T10:33:46.557484Z  INFO tailwindcss_oxide::scanner: Reading "D:\\Freelancer\\constructor-management\\construction_frontend\\src\\hooks\\useContacts.ts"
2026-02-02T10:33:46.557516Z  INFO tailwindcss_oxide::scanner: Reading "D:\\Freelancer\\constructor-management\\construction_frontend\\src\\app\\admin\\layout.tsx"
2026-02-02T10:33:46.557538Z  INFO tailwindcss_oxide::scanner: Reading "D:\\Freelancer\\constructor-management\\construction_frontend\\src\\app\\admin\\projects\\page.tsx"
2026-02-02T10:33:46.557602Z  INFO tailwindcss_oxide::scanner: Reading "D:\\Freelancer\\constructor-management\\construction_frontend\\src\\app\\admin\\projects\\component\\DetailModal.tsx"
2026-02-02T10:33:46.557640Z  INFO tailwindcss_oxide::scanner: Reading "D:\\Freelancer\\constructor-management\\construction_frontend\\src\\app\\page.tsx"
2026-02-02T10:33:46.557643Z  INFO tailwindcss_oxide::scanner: Reading "D:\\Freelancer\\constructor-management\\construction_frontend\\src\\components\\Header.tsx"
2026-02-02T10:33:46.557688Z  INFO tailwindcss_oxide::scanner: Reading "D:\\Freelancer\\constructor-management\\construction_frontend\\src\\app\\services\\project-management\\page.tsx"
2026-02-02T10:33:46.557680Z  INFO tailwindcss_oxide::scanner: Reading "D:\\Freelancer\\constructor-management\\construction_frontend\\src\\components\\admin\\AdminProvider.tsx"
2026-02-02T10:33:46.557832Z  INFO tailwindcss_oxide::scanner: Reading "D:\\Freelancer\\constructor-management\\construction_frontend\\src\\app\\admin\\page.tsx"
2026-02-02T10:33:46.557877Z  INFO tailwindcss_oxide::scanner: Reading "D:\\Freelancer\\constructor-management\\construction_frontend\\src\\app\\admin\\projects\\component\\FormModal.tsx"
2026-02-02T10:33:46.557889Z  INFO tailwindcss_oxide::scanner: Reading "D:\\Freelancer\\constructor-management\\construction_frontend\\src\\app\\admin\\projects\\projects-management.tsx"
2026-02-02T10:33:46.557934Z  INFO tailwindcss_oxide::scanner: Reading "D:\\Freelancer\\constructor-management\\construction_frontend\\src\\hooks\\useProjectCategories.ts"
2026-02-02T10:33:46.557942Z  INFO tailwindcss_oxide::scanner: Reading "D:\\Freelancer\\constructor-management\\construction_frontend\\src\\app\\services\\supervision\\page.tsx"
2026-02-02T10:33:46.557925Z  INFO tailwindcss_oxide::scanner: Reading "D:\\Freelancer\\constructor-management\\construction_frontend\\src\\app\\admin\\contacts\\page.tsx"
2026-02-02T10:33:46.557969Z  INFO tailwindcss_oxide::scanner: Reading "D:\\Freelancer\\constructor-management\\construction_frontend\\src\\components\\AntdRegistry.tsx"
2026-02-02T10:33:46.557969Z  INFO tailwindcss_oxide::scanner: Reading "D:\\Freelancer\\constructor-management\\construction_frontend\\src\\app\\auth\\component\\LoginForm.tsx"
2026-02-02T10:33:46.558036Z  INFO tailwindcss_oxide::scanner: Reading "D:\\Freelancer\\constructor-management\\construction_frontend\\src\\app\\admin\\projects\\component\\ProjectColumns.tsx"
2026-02-02T10:33:46.558052Z  INFO tailwindcss_oxide::scanner: Reading "D:\\Freelancer\\constructor-management\\construction_frontend\\src\\app\\api\\auth\\[...nextauth]\\route.ts"
2026-02-02T10:33:46.558095Z  INFO tailwindcss_oxide::scanner: Reading "D:\\Freelancer\\constructor-management\\construction_frontend\\src\\app\\api\\auth\\register\\route.ts"
2026-02-02T10:33:46.558121Z  INFO tailwindcss_oxide::scanner: Reading "D:\\Freelancer\\constructor-management\\construction_frontend\\src\\components\\MainContent.tsx"
2026-02-02T10:33:46.558233Z  INFO tailwindcss_oxide::scanner: Reading "D:\\Freelancer\\constructor-management\\construction_frontend\\src\\app\\projects\\completed\\page.tsx"
2026-02-02T10:33:46.558320Z  INFO tailwindcss_oxide::scanner: Reading "D:\\Freelancer\\constructor-management\\construction_frontend\\src\\app\\store\\page.tsx"
2026-02-02T10:33:46.558345Z  INFO tailwindcss_oxide::scanner: Reading "D:\\Freelancer\\constructor-management\\construction_frontend\\src\\hooks\\useProjects.ts"
2026-02-02T10:33:46.558363Z  INFO tailwindcss_oxide::scanner: Reading "D:\\Freelancer\\constructor-management\\construction_frontend\\src\\app\\admin\\dashboard\\page.tsx"
2026-02-02T10:33:46.558453Z  INFO tailwindcss_oxide::scanner: Reading "D:\\Freelancer\\constructor-management\\construction_frontend\\src\\components\\auth\\UnauthorizedPage.tsx"
2026-02-02T10:33:46.558497Z  INFO tailwindcss_oxide::scanner: Reading "D:\\Freelancer\\constructor-management\\construction_frontend\\src\\app\\auth\\component\\RegisterForm.tsx"
2026-02-02T10:33:46.558586Z  INFO tailwindcss_oxide::scanner: Reading "D:\\Freelancer\\constructor-management\\construction_frontend\\src\\components\\auth\\AuthButtons.tsx"
2026-02-02T10:33:46.558588Z  INFO tailwindcss_oxide::scanner: Reading "D:\\Freelancer\\constructor-management\\construction_frontend\\src\\components\\MUIThemeProvider.tsx"
2026-02-02T10:33:46.558602Z  INFO tailwindcss_oxide::scanner: Reading "D:\\Freelancer\\constructor-management\\construction_frontend\\src\\services\\authService.ts"
2026-02-02T10:33:46.558643Z  INFO tailwindcss_oxide::scanner: Reading "D:\\Freelancer\\constructor-management\\construction_frontend\\src\\components\\admin\\AdminProtected.tsx"
2026-02-02T10:33:46.558669Z  INFO tailwindcss_oxide::scanner: Reading "D:\\Freelancer\\constructor-management\\construction_frontend\\src\\app\\auth\\page.tsx"
2026-02-02T10:33:46.558709Z  INFO tailwindcss_oxide::scanner: Reading "D:\\Freelancer\\constructor-management\\construction_frontend\\src\\app\\auth\\layout.tsx"
2026-02-02T10:33:46.558712Z  INFO tailwindcss_oxide::scanner: Reading "D:\\Freelancer\\constructor-management\\construction_frontend\\src\\app\\projects\\design-templates\\page.tsx"
2026-02-02T10:33:46.558733Z  INFO tailwindcss_oxide::scanner: Reading "D:\\Freelancer\\constructor-management\\construction_frontend\\src\\types\\contact.ts"
2026-02-02T10:33:46.558812Z  INFO tailwindcss_oxide::scanner: Reading "D:\\Freelancer\\constructor-management\\construction_frontend\\src\\hooks\\useScrollAnimations.tsx"
2026-02-02T10:33:46.558826Z  INFO tailwindcss_oxide::scanner: Reading "D:\\Freelancer\\constructor-management\\construction_frontend\\src\\components\\ConditionalLayout.tsx"
2026-02-02T10:33:46.559002Z  INFO tailwindcss_oxide::scanner: Reading "D:\\Freelancer\\constructor-management\\construction_frontend\\src\\services\\cloudinaryService.ts"
2026-02-02T10:33:46.559019Z  INFO tailwindcss_oxide::scanner: Reading "D:\\Freelancer\\constructor-management\\construction_frontend\\src\\app\\auth\\redirect\\page.tsx"
2026-02-02T10:33:46.559031Z  INFO tailwindcss_oxide::scanner: Reading "D:\\Freelancer\\constructor-management\\construction_frontend\\src\\services\\projectCategoriesService.ts"
2026-02-02T10:33:46.559075Z  INFO tailwindcss_oxide::scanner: Reading "D:\\Freelancer\\constructor-management\\construction_frontend\\src\\components\\ui\\BrandLogo.tsx"
2026-02-02T10:33:46.559089Z  INFO tailwindcss_oxide::scanner: Reading "D:\\Freelancer\\constructor-management\\construction_frontend\\src\\components\\Footer.tsx"
2026-02-02T10:33:46.559125Z  INFO tailwindcss_oxide::scanner: Reading "D:\\Freelancer\\constructor-management\\construction_frontend\\src\\hooks\\useTranslations.ts"
2026-02-02T10:33:46.559136Z  INFO tailwindcss_oxide::scanner: Reading "D:\\Freelancer\\constructor-management\\construction_frontend\\src\\app\\projects\\in-progress\\page.tsx"
2026-02-02T10:33:46.559138Z  INFO tailwindcss_oxide::scanner: Reading "D:\\Freelancer\\constructor-management\\construction_frontend\\src\\app\\contact\\page.tsx"
2026-02-02T10:33:46.559157Z  INFO tailwindcss_oxide::scanner: Reading "D:\\Freelancer\\constructor-management\\construction_frontend\\src\\utils\\projectHelpers.ts"
2026-02-02T10:33:46.559190Z  INFO tailwindcss_oxide::scanner: Reading "D:\\Freelancer\\constructor-management\\construction_frontend\\src\\services\\contactService.ts"
2026-02-02T10:33:46.559206Z  INFO tailwindcss_oxide::scanner: Reading "D:\\Freelancer\\constructor-management\\construction_frontend\\src\\types\\projectCategory.ts"
2026-02-02T10:33:46.559234Z  INFO tailwindcss_oxide::scanner: Reading "D:\\Freelancer\\constructor-management\\construction_frontend\\tsconfig.json"
2026-02-02T10:33:46.559280Z  INFO tailwindcss_oxide::scanner: Reading "D:\\Freelancer\\constructor-management\\construction_frontend\\src\\middleware.ts"
2026-02-02T10:33:46.559316Z  INFO tailwindcss_oxide::scanner: Reading "D:\\Freelancer\\constructor-management\\construction_frontend\\src\\types\\api.ts"
2026-02-02T10:33:46.559337Z  INFO tailwindcss_oxide::scanner: Reading "D:\\Freelancer\\constructor-management\\construction_frontend\\src\\services\\projectService.ts"
2026-02-02T10:33:46.559345Z  INFO tailwindcss_oxide::scanner: Reading "D:\\Freelancer\\constructor-management\\construction_frontend\\src\\types\\next-auth.d.ts"
2026-02-02T10:33:46.559398Z  INFO tailwindcss_oxide::scanner: Reading "D:\\Freelancer\\constructor-management\\construction_frontend\\src\\providers\\AuthProvider.tsx"
2026-02-02T10:33:46.559438Z  INFO tailwindcss_oxide::scanner: Reading "D:\\Freelancer\\constructor-management\\construction_frontend\\src\\lib\\axios.ts"
2026-02-02T10:33:46.559467Z  INFO tailwindcss_oxide::scanner: Reading "D:\\Freelancer\\constructor-management\\construction_frontend\\src\\lib\\utils.ts"
2026-02-02T10:33:46.559484Z  INFO tailwindcss_oxide::scanner: Reading "D:\\Freelancer\\constructor-management\\construction_frontend\\src\\components\\ui\\button.tsx"
2026-02-02T10:33:46.559524Z  INFO tailwindcss_oxide::scanner: Reading "D:\\Freelancer\\constructor-management\\construction_frontend\\src\\constants\\contact.ts"
2026-02-02T10:33:46.559542Z  INFO tailwindcss_oxide::scanner: Reading "D:\\Freelancer\\constructor-management\\construction_frontend\\src\\components\\ui\\card.tsx"
2026-02-02T10:33:46.559622Z  INFO tailwindcss_oxide::scanner: Reading "D:\\Freelancer\\constructor-management\\construction_frontend\\src\\types\\project.ts"
2026-02-02T10:33:46.559661Z  INFO tailwindcss_oxide::scanner: Reading "D:\\Freelancer\\constructor-management\\construction_frontend\\src\\components\\ui\\tabs.tsx"
2026-02-02T10:33:46.559733Z  INFO tailwindcss_oxide::scanner: Reading "D:\\Freelancer\\constructor-management\\construction_frontend\\src\\providers\\QueryProvider.tsx"
2026-02-02T10:33:46.559745Z  INFO tailwindcss_oxide::scanner: Reading "D:\\Freelancer\\constructor-management\\construction_frontend\\src\\app\\projects\\page.tsx"
2026-02-02T10:33:46.559797Z  INFO tailwindcss_oxide::scanner: Reading "D:\\Freelancer\\constructor-management\\construction_frontend\\src\\app\\services\\bidding-consulting\\page.tsx"
2026-02-02T10:33:46.559831Z  INFO tailwindcss_oxide::scanner: Reading "D:\\Freelancer\\constructor-management\\construction_frontend\\src\\contexts\\LocaleContext.tsx"
2026-02-02T10:33:46.559842Z  INFO tailwindcss_oxide::scanner: Reading "D:\\Freelancer\\constructor-management\\construction_frontend\\src\\components\\ui\\ImageMarquee.tsx"
2026-02-02T10:33:46.559860Z  INFO tailwindcss_oxide::scanner: Reading "D:\\Freelancer\\constructor-management\\construction_frontend\\src\\app\\services\\construction\\page.tsx"
2026-02-02T10:33:46.559880Z  INFO tailwindcss_oxide::scanner: Reading "D:\\Freelancer\\constructor-management\\construction_frontend\\src\\components\\ui\\PhoneButton.tsx"
2026-02-02T10:33:46.559902Z  INFO tailwindcss_oxide::scanner: Reading "D:\\Freelancer\\constructor-management\\construction_frontend\\src\\app\\projects\\[slug]\\page.tsx"
2026-02-02T10:33:46.560027Z  INFO tailwindcss_oxide::scanner: Reading "D:\\Freelancer\\constructor-management\\construction_frontend\\src\\app\\services\\design-consulting\\page.tsx"
2026-02-02T10:33:46.569142Z  INFO tailwindcss_oxide::scanner: Reading "D:\\Freelancer\\constructor-management\\construction_frontend\\public\\globe.svg"
2026-02-02T10:33:46.569146Z  INFO tailwindcss_oxide::scanner: Reading "D:\\Freelancer\\constructor-management\\construction_frontend\\public\\vercel.svg"
2026-02-02T10:33:46.569142Z  INFO tailwindcss_oxide::scanner: Reading "D:\\Freelancer\\constructor-management\\construction_frontend\\public\\file.svg"
2026-02-02T10:33:46.569147Z  INFO tailwindcss_oxide::scanner: Reading "D:\\Freelancer\\constructor-management\\construction_frontend\\public\\window.svg"
2026-02-02T10:33:46.569763Z  INFO tailwindcss_oxide::scanner: Reading "D:\\Freelancer\\constructor-management\\construction_frontend\\public\\next.svg"
2026-02-02T10:33:46.570569Z  INFO tailwindcss_oxide::scanner: Reading "D:\\Freelancer\\constructor-management\\construction_frontend\\.vscode\\launch.json"
2026-02-02T10:33:46.570654Z  INFO extract_candidates:read_all_files: tailwindcss_oxide::scanner: exit
2026-02-02T10:33:46.570684Z  INFO extract_candidates:parse_all_blobs: tailwindcss_oxide::scanner: enter
2026-02-02T10:33:46.570692Z  INFO extract_candidates:parse_all_blobs:extract: tailwindcss_oxide::scanner: enter
2026-02-02T10:33:46.573386Z  INFO extract_candidates:parse_all_blobs:extract: tailwindcss_oxide::scanner: exit
2026-02-02T10:33:46.573431Z  INFO extract_candidates:parse_all_blobs: tailwindcss_oxide::scanner: exit
2026-02-02T10:33:46.573445Z  INFO extract_candidates:read_all_files: tailwindcss_oxide::scanner: enter
2026-02-02T10:33:46.573450Z  INFO extract_candidates:read_all_files: tailwindcss_oxide::scanner: Reading 2 file(s)
2026-02-02T10:33:46.573601Z  INFO tailwindcss_oxide::scanner: Reading "D:\\Freelancer\\constructor-management\\construction_frontend\\src\\app\\globals.css"
2026-02-02T10:33:46.582564Z  INFO tailwindcss_oxide::scanner: Reading "D:\\Freelancer\\constructor-management\\construction_frontend\\src\\app\\auth\\auth.css"
2026-02-02T10:33:46.582610Z  INFO extract_candidates:read_all_files: tailwindcss_oxide::scanner: exit
2026-02-02T10:33:46.582634Z  INFO extract_candidates:extract_css_variables: tailwindcss_oxide::scanner: enter
2026-02-02T10:33:46.582643Z  INFO extract_candidates:extract_css_variables:extract: tailwindcss_oxide::scanner: enter
2026-02-02T10:33:46.582804Z  INFO extract_candidates:extract_css_variables:extract: tailwindcss_oxide::scanner: exit
2026-02-02T10:33:46.582825Z  INFO extract_candidates:extract_css_variables: tailwindcss_oxide::scanner: exit
2026-02-02T10:33:46.584091Z  INFO extract_candidates: tailwindcss_oxide::scanner: exit
2026-02-02T10:33:46.585463Z  INFO get_files: tailwindcss_oxide::scanner: enter
2026-02-02T10:33:46.585475Z  INFO get_files:scan_sources: tailwindcss_oxide::scanner: enter
2026-02-02T10:33:46.587117Z  INFO get_files:scan_sources: tailwindcss_oxide::scanner: Discovering "D:\\Freelancer\\constructor-management\\construction_frontend\\.vscode"
2026-02-02T10:33:46.587387Z  INFO get_files:scan_sources: tailwindcss_oxide::scanner: Discovering "D:\\Freelancer\\constructor-management\\construction_frontend\\messages"
2026-02-02T10:33:46.587909Z  INFO get_files:scan_sources: tailwindcss_oxide::scanner: Discovering "D:\\Freelancer\\constructor-management\\construction_frontend\\public"
2026-02-02T10:33:46.588084Z  INFO get_files:scan_sources: tailwindcss_oxide::scanner: Discovering "D:\\Freelancer\\constructor-management\\construction_frontend\\public\\banner"
2026-02-02T10:33:46.588304Z  INFO get_files:scan_sources: tailwindcss_oxide::scanner: Discovering "D:\\Freelancer\\constructor-management\\construction_frontend\\public\\certificate"
2026-02-02T10:33:46.588515Z  INFO get_files:scan_sources: tailwindcss_oxide::scanner: Discovering "D:\\Freelancer\\constructor-management\\construction_frontend\\public\\design-consulting"
2026-02-02T10:33:46.588820Z  INFO get_files:scan_sources: tailwindcss_oxide::scanner: Discovering "D:\\Freelancer\\constructor-management\\construction_frontend\\public\\image"
2026-02-02T10:33:46.589051Z  INFO get_files:scan_sources: tailwindcss_oxide::scanner: Discovering "D:\\Freelancer\\constructor-management\\construction_frontend\\public\\persons"
2026-02-02T10:33:46.589236Z  INFO get_files:scan_sources: tailwindcss_oxide::scanner: Discovering "D:\\Freelancer\\constructor-management\\construction_frontend\\public\\products"
2026-02-02T10:33:46.589470Z  INFO get_files:scan_sources: tailwindcss_oxide::scanner: Discovering "D:\\Freelancer\\constructor-management\\construction_frontend\\public\\project-management"
2026-02-02T10:33:46.589852Z  INFO get_files:scan_sources: tailwindcss_oxide::scanner: Discovering "D:\\Freelancer\\constructor-management\\construction_frontend\\src"
2026-02-02T10:33:46.590024Z  INFO get_files:scan_sources: tailwindcss_oxide::scanner: Discovering "D:\\Freelancer\\constructor-management\\construction_frontend\\src\\app"
2026-02-02T10:33:46.590188Z  INFO get_files:scan_sources: tailwindcss_oxide::scanner: Discovering "D:\\Freelancer\\constructor-management\\construction_frontend\\src\\app\\about"
2026-02-02T10:33:46.590398Z  INFO get_files:scan_sources: tailwindcss_oxide::scanner: Discovering "D:\\Freelancer\\constructor-management\\construction_frontend\\src\\app\\admin"
2026-02-02T10:33:46.590562Z  INFO get_files:scan_sources: tailwindcss_oxide::scanner: Discovering "D:\\Freelancer\\constructor-management\\construction_frontend\\src\\app\\admin\\contacts"
2026-02-02T10:33:46.590764Z  INFO get_files:scan_sources: tailwindcss_oxide::scanner: Discovering "D:\\Freelancer\\constructor-management\\construction_frontend\\src\\app\\admin\\dashboard"
2026-02-02T10:33:46.590965Z  INFO get_files:scan_sources: tailwindcss_oxide::scanner: Discovering "D:\\Freelancer\\constructor-management\\construction_frontend\\src\\app\\admin\\design-templates"
2026-02-02T10:33:46.591229Z  INFO get_files:scan_sources: tailwindcss_oxide::scanner: Discovering "D:\\Freelancer\\constructor-management\\construction_frontend\\src\\app\\admin\\projects"
2026-02-02T10:33:46.591384Z  INFO get_files:scan_sources: tailwindcss_oxide::scanner: Discovering "D:\\Freelancer\\constructor-management\\construction_frontend\\src\\app\\admin\\projects\\component"
2026-02-02T10:33:46.591654Z  INFO get_files:scan_sources: tailwindcss_oxide::scanner: Discovering "D:\\Freelancer\\constructor-management\\construction_frontend\\src\\app\\admin\\projects\\hooks"
2026-02-02T10:33:46.591954Z  INFO get_files:scan_sources: tailwindcss_oxide::scanner: Discovering "D:\\Freelancer\\constructor-management\\construction_frontend\\src\\app\\api"
2026-02-02T10:33:46.592103Z  INFO get_files:scan_sources: tailwindcss_oxide::scanner: Discovering "D:\\Freelancer\\constructor-management\\construction_frontend\\src\\app\\api\\auth"
2026-02-02T10:33:46.592254Z  INFO get_files:scan_sources: tailwindcss_oxide::scanner: Discovering "D:\\Freelancer\\constructor-management\\construction_frontend\\src\\app\\api\\auth\\register"
2026-02-02T10:33:46.592452Z  INFO get_files:scan_sources: tailwindcss_oxide::scanner: Discovering "D:\\Freelancer\\constructor-management\\construction_frontend\\src\\app\\api\\auth\\[...nextauth]"
2026-02-02T10:33:46.592681Z  INFO get_files:scan_sources: tailwindcss_oxide::scanner: Discovering "D:\\Freelancer\\constructor-management\\construction_frontend\\src\\app\\auth"
2026-02-02T10:33:46.592862Z  INFO get_files:scan_sources: tailwindcss_oxide::scanner: Discovering "D:\\Freelancer\\constructor-management\\construction_frontend\\src\\app\\auth\\component"
2026-02-02T10:33:46.593140Z  INFO get_files:scan_sources: tailwindcss_oxide::scanner: Discovering "D:\\Freelancer\\constructor-management\\construction_frontend\\src\\app\\auth\\redirect"
2026-02-02T10:33:46.593347Z  INFO get_files:scan_sources: tailwindcss_oxide::scanner: Discovering "D:\\Freelancer\\constructor-management\\construction_frontend\\src\\app\\contact"
2026-02-02T10:33:46.593662Z  INFO get_files:scan_sources: tailwindcss_oxide::scanner: Discovering "D:\\Freelancer\\constructor-management\\construction_frontend\\src\\app\\projects"
2026-02-02T10:33:46.593811Z  INFO get_files:scan_sources: tailwindcss_oxide::scanner: Discovering "D:\\Freelancer\\constructor-management\\construction_frontend\\src\\app\\projects\\completed"
2026-02-02T10:33:46.594003Z  INFO get_files:scan_sources: tailwindcss_oxide::scanner: Discovering "D:\\Freelancer\\constructor-management\\construction_frontend\\src\\app\\projects\\design-templates"
2026-02-02T10:33:46.594202Z  INFO get_files:scan_sources: tailwindcss_oxide::scanner: Discovering "D:\\Freelancer\\constructor-management\\construction_frontend\\src\\app\\projects\\in-progress"
2026-02-02T10:33:46.594428Z  INFO get_files:scan_sources: tailwindcss_oxide::scanner: Discovering "D:\\Freelancer\\constructor-management\\construction_frontend\\src\\app\\projects\\[slug]"
2026-02-02T10:33:46.594639Z  INFO get_files:scan_sources: tailwindcss_oxide::scanner: Discovering "D:\\Freelancer\\constructor-management\\construction_frontend\\src\\app\\services"
2026-02-02T10:33:46.594791Z  INFO get_files:scan_sources: tailwindcss_oxide::scanner: Discovering "D:\\Freelancer\\constructor-management\\construction_frontend\\src\\app\\services\\bidding-consulting"
2026-02-02T10:33:46.594984Z  INFO get_files:scan_sources: tailwindcss_oxide::scanner: Discovering "D:\\Freelancer\\constructor-management\\construction_frontend\\src\\app\\services\\construction"
2026-02-02T10:33:46.595175Z  INFO get_files:scan_sources: tailwindcss_oxide::scanner: Discovering "D:\\Freelancer\\constructor-management\\construction_frontend\\src\\app\\services\\design-consulting"
2026-02-02T10:33:46.595398Z  INFO get_files:scan_sources: tailwindcss_oxide::scanner: Discovering "D:\\Freelancer\\constructor-management\\construction_frontend\\src\\app\\services\\project-management"
2026-02-02T10:33:46.595591Z  INFO get_files:scan_sources: tailwindcss_oxide::scanner: Discovering "D:\\Freelancer\\constructor-management\\construction_frontend\\src\\app\\services\\supervision"
2026-02-02T10:33:46.595792Z  INFO get_files:scan_sources: tailwindcss_oxide::scanner: Discovering "D:\\Freelancer\\constructor-management\\construction_frontend\\src\\app\\store"
2026-02-02T10:33:46.595994Z  INFO get_files:scan_sources: tailwindcss_oxide::scanner: Discovering "D:\\Freelancer\\constructor-management\\construction_frontend\\src\\components"
2026-02-02T10:33:46.596143Z  INFO get_files:scan_sources: tailwindcss_oxide::scanner: Discovering "D:\\Freelancer\\constructor-management\\construction_frontend\\src\\components\\admin"
2026-02-02T10:33:46.596385Z  INFO get_files:scan_sources: tailwindcss_oxide::scanner: Discovering "D:\\Freelancer\\constructor-management\\construction_frontend\\src\\components\\auth"
2026-02-02T10:33:46.596745Z  INFO get_files:scan_sources: tailwindcss_oxide::scanner: Discovering "D:\\Freelancer\\constructor-management\\construction_frontend\\src\\components\\ui"
2026-02-02T10:33:46.597117Z  INFO get_files:scan_sources: tailwindcss_oxide::scanner: Discovering "D:\\Freelancer\\constructor-management\\construction_frontend\\src\\constants"
2026-02-02T10:33:46.597302Z  INFO get_files:scan_sources: tailwindcss_oxide::scanner: Discovering "D:\\Freelancer\\constructor-management\\construction_frontend\\src\\contexts"
2026-02-02T10:33:46.597488Z  INFO get_files:scan_sources: tailwindcss_oxide::scanner: Discovering "D:\\Freelancer\\constructor-management\\construction_frontend\\src\\hooks"
2026-02-02T10:33:46.597808Z  INFO get_files:scan_sources: tailwindcss_oxide::scanner: Discovering "D:\\Freelancer\\constructor-management\\construction_frontend\\src\\lib"
2026-02-02T10:33:46.598046Z  INFO get_files:scan_sources: tailwindcss_oxide::scanner: Discovering "D:\\Freelancer\\constructor-management\\construction_frontend\\src\\providers"
2026-02-02T10:33:46.598260Z  INFO get_files:scan_sources: tailwindcss_oxide::scanner: Discovering "D:\\Freelancer\\constructor-management\\construction_frontend\\src\\services"
2026-02-02T10:33:46.598562Z  INFO get_files:scan_sources: tailwindcss_oxide::scanner: Discovering "D:\\Freelancer\\constructor-management\\construction_frontend\\src\\types"
2026-02-02T10:33:46.598849Z  INFO get_files:scan_sources: tailwindcss_oxide::scanner: Discovering "D:\\Freelancer\\constructor-management\\construction_frontend\\src\\utils"
2026-02-02T10:33:46.599159Z  INFO get_files:scan_sources: tailwindcss_oxide::scanner: exit
2026-02-02T10:33:46.599291Z  INFO get_files: tailwindcss_oxide::scanner: exit
2026-02-02T10:33:46.599658Z  INFO get_globs: tailwindcss_oxide::scanner: enter
2026-02-02T10:33:46.599673Z  INFO get_globs:scan_sources: tailwindcss_oxide::scanner: enter
2026-02-02T10:33:46.601121Z  INFO get_globs:scan_sources: tailwindcss_oxide::scanner: Discovering "D:\\Freelancer\\constructor-management\\construction_frontend\\.vscode"
2026-02-02T10:33:46.601359Z  INFO get_globs:scan_sources: tailwindcss_oxide::scanner: Discovering "D:\\Freelancer\\constructor-management\\construction_frontend\\messages"
2026-02-02T10:33:46.601819Z  INFO get_globs:scan_sources: tailwindcss_oxide::scanner: Discovering "D:\\Freelancer\\constructor-management\\construction_frontend\\public"
2026-02-02T10:33:46.601973Z  INFO get_globs:scan_sources: tailwindcss_oxide::scanner: Discovering "D:\\Freelancer\\constructor-management\\construction_frontend\\public\\banner"
2026-02-02T10:33:46.602163Z  INFO get_globs:scan_sources: tailwindcss_oxide::scanner: Discovering "D:\\Freelancer\\constructor-management\\construction_frontend\\public\\certificate"
2026-02-02T10:33:46.602341Z  INFO get_globs:scan_sources: tailwindcss_oxide::scanner: Discovering "D:\\Freelancer\\constructor-management\\construction_frontend\\public\\design-consulting"
2026-02-02T10:33:46.602610Z  INFO get_globs:scan_sources: tailwindcss_oxide::scanner: Discovering "D:\\Freelancer\\constructor-management\\construction_frontend\\public\\image"
2026-02-02T10:33:46.602810Z  INFO get_globs:scan_sources: tailwindcss_oxide::scanner: Discovering "D:\\Freelancer\\constructor-management\\construction_frontend\\public\\persons"
2026-02-02T10:33:46.602973Z  INFO get_globs:scan_sources: tailwindcss_oxide::scanner: Discovering "D:\\Freelancer\\constructor-management\\construction_frontend\\public\\products"
2026-02-02T10:33:46.603132Z  INFO get_globs:scan_sources: tailwindcss_oxide::scanner: Discovering "D:\\Freelancer\\constructor-management\\construction_frontend\\public\\project-management"
2026-02-02T10:33:46.603430Z  INFO get_globs:scan_sources: tailwindcss_oxide::scanner: Discovering "D:\\Freelancer\\constructor-management\\construction_frontend\\src"
2026-02-02T10:33:46.603578Z  INFO get_globs:scan_sources: tailwindcss_oxide::scanner: Discovering "D:\\Freelancer\\constructor-management\\construction_frontend\\src\\app"
2026-02-02T10:33:46.603717Z  INFO get_globs:scan_sources: tailwindcss_oxide::scanner: Discovering "D:\\Freelancer\\constructor-management\\construction_frontend\\src\\app\\about"
2026-02-02T10:33:46.603901Z  INFO get_globs:scan_sources: tailwindcss_oxide::scanner: Discovering "D:\\Freelancer\\constructor-management\\construction_frontend\\src\\app\\admin"
2026-02-02T10:33:46.604043Z  INFO get_globs:scan_sources: tailwindcss_oxide::scanner: Discovering "D:\\Freelancer\\constructor-management\\construction_frontend\\src\\app\\admin\\contacts"
2026-02-02T10:33:46.604224Z  INFO get_globs:scan_sources: tailwindcss_oxide::scanner: Discovering "D:\\Freelancer\\constructor-management\\construction_frontend\\src\\app\\admin\\dashboard"
2026-02-02T10:33:46.604405Z  INFO get_globs:scan_sources: tailwindcss_oxide::scanner: Discovering "D:\\Freelancer\\constructor-management\\construction_frontend\\src\\app\\admin\\design-templates"
2026-02-02T10:33:46.604640Z  INFO get_globs:scan_sources: tailwindcss_oxide::scanner: Discovering "D:\\Freelancer\\constructor-management\\construction_frontend\\src\\app\\admin\\projects"
2026-02-02T10:33:46.604781Z  INFO get_globs:scan_sources: tailwindcss_oxide::scanner: Discovering "D:\\Freelancer\\constructor-management\\construction_frontend\\src\\app\\admin\\projects\\component"
2026-02-02T10:33:46.605021Z  INFO get_globs:scan_sources: tailwindcss_oxide::scanner: Discovering "D:\\Freelancer\\constructor-management\\construction_frontend\\src\\app\\admin\\projects\\hooks"
2026-02-02T10:33:46.605288Z  INFO get_globs:scan_sources: tailwindcss_oxide::scanner: Discovering "D:\\Freelancer\\constructor-management\\construction_frontend\\src\\app\\api"
2026-02-02T10:33:46.605427Z  INFO get_globs:scan_sources: tailwindcss_oxide::scanner: Discovering "D:\\Freelancer\\constructor-management\\construction_frontend\\src\\app\\api\\auth"
2026-02-02T10:33:46.605568Z  INFO get_globs:scan_sources: tailwindcss_oxide::scanner: Discovering "D:\\Freelancer\\constructor-management\\construction_frontend\\src\\app\\api\\auth\\register"
2026-02-02T10:33:46.605753Z  INFO get_globs:scan_sources: tailwindcss_oxide::scanner: Discovering "D:\\Freelancer\\constructor-management\\construction_frontend\\src\\app\\api\\auth\\[...nextauth]"
2026-02-02T10:33:46.605959Z  INFO get_globs:scan_sources: tailwindcss_oxide::scanner: Discovering "D:\\Freelancer\\constructor-management\\construction_frontend\\src\\app\\auth"
2026-02-02T10:33:46.606123Z  INFO get_globs:scan_sources: tailwindcss_oxide::scanner: Discovering "D:\\Freelancer\\constructor-management\\construction_frontend\\src\\app\\auth\\component"
2026-02-02T10:33:46.606377Z  INFO get_globs:scan_sources: tailwindcss_oxide::scanner: Discovering "D:\\Freelancer\\constructor-management\\construction_frontend\\src\\app\\auth\\redirect"
2026-02-02T10:33:46.606653Z  INFO get_globs:scan_sources: tailwindcss_oxide::scanner: Discovering "D:\\Freelancer\\constructor-management\\construction_frontend\\src\\app\\contact"
2026-02-02T10:33:46.607154Z  INFO get_globs:scan_sources: tailwindcss_oxide::scanner: Discovering "D:\\Freelancer\\constructor-management\\construction_frontend\\src\\app\\projects"
2026-02-02T10:33:46.607299Z  INFO get_globs:scan_sources: tailwindcss_oxide::scanner: Discovering "D:\\Freelancer\\constructor-management\\construction_frontend\\src\\app\\projects\\completed"
2026-02-02T10:33:46.607484Z  INFO get_globs:scan_sources: tailwindcss_oxide::scanner: Discovering "D:\\Freelancer\\constructor-management\\construction_frontend\\src\\app\\projects\\design-templates"
2026-02-02T10:33:46.607667Z  INFO get_globs:scan_sources: tailwindcss_oxide::scanner: Discovering "D:\\Freelancer\\constructor-management\\construction_frontend\\src\\app\\projects\\in-progress"
2026-02-02T10:33:46.607873Z  INFO get_globs:scan_sources: tailwindcss_oxide::scanner: Discovering "D:\\Freelancer\\constructor-management\\construction_frontend\\src\\app\\projects\\[slug]"
2026-02-02T10:33:46.608065Z  INFO get_globs:scan_sources: tailwindcss_oxide::scanner: Discovering "D:\\Freelancer\\constructor-management\\construction_frontend\\src\\app\\services"
2026-02-02T10:33:46.608206Z  INFO get_globs:scan_sources: tailwindcss_oxide::scanner: Discovering "D:\\Freelancer\\constructor-management\\construction_frontend\\src\\app\\services\\bidding-consulting"
2026-02-02T10:33:46.608388Z  INFO get_globs:scan_sources: tailwindcss_oxide::scanner: Discovering "D:\\Freelancer\\constructor-management\\construction_frontend\\src\\app\\services\\construction"
2026-02-02T10:33:46.608569Z  INFO get_globs:scan_sources: tailwindcss_oxide::scanner: Discovering "D:\\Freelancer\\constructor-management\\construction_frontend\\src\\app\\services\\design-consulting"
2026-02-02T10:33:46.608778Z  INFO get_globs:scan_sources: tailwindcss_oxide::scanner: Discovering "D:\\Freelancer\\constructor-management\\construction_frontend\\src\\app\\services\\project-management"
2026-02-02T10:33:46.608959Z  INFO get_globs:scan_sources: tailwindcss_oxide::scanner: Discovering "D:\\Freelancer\\constructor-management\\construction_frontend\\src\\app\\services\\supervision"
2026-02-02T10:33:46.609153Z  INFO get_globs:scan_sources: tailwindcss_oxide::scanner: Discovering "D:\\Freelancer\\constructor-management\\construction_frontend\\src\\app\\store"
2026-02-02T10:33:46.609347Z  INFO get_globs:scan_sources: tailwindcss_oxide::scanner: Discovering "D:\\Freelancer\\constructor-management\\construction_frontend\\src\\components"
2026-02-02T10:33:46.609492Z  INFO get_globs:scan_sources: tailwindcss_oxide::scanner: Discovering "D:\\Freelancer\\constructor-management\\construction_frontend\\src\\components\\admin"
2026-02-02T10:33:46.609724Z  INFO get_globs:scan_sources: tailwindcss_oxide::scanner: Discovering "D:\\Freelancer\\constructor-management\\construction_frontend\\src\\components\\auth"
2026-02-02T10:33:46.610065Z  INFO get_globs:scan_sources: tailwindcss_oxide::scanner: Discovering "D:\\Freelancer\\constructor-management\\construction_frontend\\src\\components\\ui"
2026-02-02T10:33:46.610396Z  INFO get_globs:scan_sources: tailwindcss_oxide::scanner: Discovering "D:\\Freelancer\\constructor-management\\construction_frontend\\src\\constants"
2026-02-02T10:33:46.610581Z  INFO get_globs:scan_sources: tailwindcss_oxide::scanner: Discovering "D:\\Freelancer\\constructor-management\\construction_frontend\\src\\contexts"
2026-02-02T10:33:46.610762Z  INFO get_globs:scan_sources: tailwindcss_oxide::scanner: Discovering "D:\\Freelancer\\constructor-management\\construction_frontend\\src\\hooks"
2026-02-02T10:33:46.611080Z  INFO get_globs:scan_sources: tailwindcss_oxide::scanner: Discovering "D:\\Freelancer\\constructor-management\\construction_frontend\\src\\lib"
2026-02-02T10:33:46.611320Z  INFO get_globs:scan_sources: tailwindcss_oxide::scanner: Discovering "D:\\Freelancer\\constructor-management\\construction_frontend\\src\\providers"
2026-02-02T10:33:46.611554Z  INFO get_globs:scan_sources: tailwindcss_oxide::scanner: Discovering "D:\\Freelancer\\constructor-management\\construction_frontend\\src\\services"
2026-02-02T10:33:46.611844Z  INFO get_globs:scan_sources: tailwindcss_oxide::scanner: Discovering "D:\\Freelancer\\constructor-management\\construction_frontend\\src\\types"
2026-02-02T10:33:46.612127Z  INFO get_globs:scan_sources: tailwindcss_oxide::scanner: Discovering "D:\\Freelancer\\constructor-management\\construction_frontend\\src\\utils"
2026-02-02T10:33:46.612396Z  INFO get_globs:scan_sources: tailwindcss_oxide::scanner: exit
2026-02-02T10:33:46.621496Z  INFO get_globs: tailwindcss_oxide::scanner: exit
2026-02-02T10:33:48.186704Z  INFO scan_sources: tailwindcss_oxide::scanner: enter
2026-02-02T10:33:48.188551Z  INFO scan_sources: tailwindcss_oxide::scanner: Discovering "D:\\Freelancer\\constructor-management\\construction_frontend\\.vscode"
2026-02-02T10:33:48.188906Z  INFO scan_sources: tailwindcss_oxide::scanner: Discovering "D:\\Freelancer\\constructor-management\\construction_frontend\\messages"
2026-02-02T10:33:48.189535Z  INFO scan_sources: tailwindcss_oxide::scanner: Discovering "D:\\Freelancer\\constructor-management\\construction_frontend\\public"
2026-02-02T10:33:48.189729Z  INFO scan_sources: tailwindcss_oxide::scanner: Discovering "D:\\Freelancer\\constructor-management\\construction_frontend\\public\\banner"
2026-02-02T10:33:48.189975Z  INFO scan_sources: tailwindcss_oxide::scanner: Discovering "D:\\Freelancer\\constructor-management\\construction_frontend\\public\\certificate"
2026-02-02T10:33:48.190189Z  INFO scan_sources: tailwindcss_oxide::scanner: Discovering "D:\\Freelancer\\constructor-management\\construction_frontend\\public\\design-consulting"
2026-02-02T10:33:48.190512Z  INFO scan_sources: tailwindcss_oxide::scanner: Discovering "D:\\Freelancer\\constructor-management\\construction_frontend\\public\\image"
2026-02-02T10:33:48.190785Z  INFO scan_sources: tailwindcss_oxide::scanner: Discovering "D:\\Freelancer\\constructor-management\\construction_frontend\\public\\persons"
2026-02-02T10:33:48.191011Z  INFO scan_sources: tailwindcss_oxide::scanner: Discovering "D:\\Freelancer\\constructor-management\\construction_frontend\\public\\products"
2026-02-02T10:33:48.191209Z  INFO scan_sources: tailwindcss_oxide::scanner: Discovering "D:\\Freelancer\\constructor-management\\construction_frontend\\public\\project-management"
2026-02-02T10:33:48.191590Z  INFO scan_sources: tailwindcss_oxide::scanner: Discovering "D:\\Freelancer\\constructor-management\\construction_frontend\\src"
2026-02-02T10:33:48.191782Z  INFO scan_sources: tailwindcss_oxide::scanner: Discovering "D:\\Freelancer\\constructor-management\\construction_frontend\\src\\app"
2026-02-02T10:33:48.191964Z  INFO scan_sources: tailwindcss_oxide::scanner: Discovering "D:\\Freelancer\\constructor-management\\construction_frontend\\src\\app\\about"
2026-02-02T10:33:48.192203Z  INFO scan_sources: tailwindcss_oxide::scanner: Discovering "D:\\Freelancer\\constructor-management\\construction_frontend\\src\\app\\admin"
2026-02-02T10:33:48.192478Z  INFO scan_sources: tailwindcss_oxide::scanner: Discovering "D:\\Freelancer\\constructor-management\\construction_frontend\\src\\app\\admin\\contacts"
2026-02-02T10:33:48.192716Z  INFO scan_sources: tailwindcss_oxide::scanner: Discovering "D:\\Freelancer\\constructor-management\\construction_frontend\\src\\app\\admin\\dashboard"
2026-02-02T10:33:48.192949Z  INFO scan_sources: tailwindcss_oxide::scanner: Discovering "D:\\Freelancer\\constructor-management\\construction_frontend\\src\\app\\admin\\design-templates"
2026-02-02T10:33:48.193253Z  INFO scan_sources: tailwindcss_oxide::scanner: Discovering "D:\\Freelancer\\constructor-management\\construction_frontend\\src\\app\\admin\\projects"
2026-02-02T10:33:48.193434Z  INFO scan_sources: tailwindcss_oxide::scanner: Discovering "D:\\Freelancer\\constructor-management\\construction_frontend\\src\\app\\admin\\projects\\component"
2026-02-02T10:33:48.193750Z  INFO scan_sources: tailwindcss_oxide::scanner: Discovering "D:\\Freelancer\\constructor-management\\construction_frontend\\src\\app\\admin\\projects\\hooks"
2026-02-02T10:33:48.194093Z  INFO scan_sources: tailwindcss_oxide::scanner: Discovering "D:\\Freelancer\\constructor-management\\construction_frontend\\src\\app\\api"
2026-02-02T10:33:48.194263Z  INFO scan_sources: tailwindcss_oxide::scanner: Discovering "D:\\Freelancer\\constructor-management\\construction_frontend\\src\\app\\api\\auth"
2026-02-02T10:33:48.194434Z  INFO scan_sources: tailwindcss_oxide::scanner: Discovering "D:\\Freelancer\\constructor-management\\construction_frontend\\src\\app\\api\\auth\\register"
2026-02-02T10:33:48.194664Z  INFO scan_sources: tailwindcss_oxide::scanner: Discovering "D:\\Freelancer\\constructor-management\\construction_frontend\\src\\app\\api\\auth\\[...nextauth]"
2026-02-02T10:33:48.194929Z  INFO scan_sources: tailwindcss_oxide::scanner: Discovering "D:\\Freelancer\\constructor-management\\construction_frontend\\src\\app\\auth"
2026-02-02T10:33:48.195137Z  INFO scan_sources: tailwindcss_oxide::scanner: Discovering "D:\\Freelancer\\constructor-management\\construction_frontend\\src\\app\\auth\\component"
2026-02-02T10:33:48.195456Z  INFO scan_sources: tailwindcss_oxide::scanner: Discovering "D:\\Freelancer\\constructor-management\\construction_frontend\\src\\app\\auth\\redirect"
2026-02-02T10:33:48.195694Z  INFO scan_sources: tailwindcss_oxide::scanner: Discovering "D:\\Freelancer\\constructor-management\\construction_frontend\\src\\app\\contact"
2026-02-02T10:33:48.196053Z  INFO scan_sources: tailwindcss_oxide::scanner: Discovering "D:\\Freelancer\\constructor-management\\construction_frontend\\src\\app\\projects"
2026-02-02T10:33:48.196224Z  INFO scan_sources: tailwindcss_oxide::scanner: Discovering "D:\\Freelancer\\constructor-management\\construction_frontend\\src\\app\\projects\\completed"
2026-02-02T10:33:48.196445Z  INFO scan_sources: tailwindcss_oxide::scanner: Discovering "D:\\Freelancer\\constructor-management\\construction_frontend\\src\\app\\projects\\design-templates"
2026-02-02T10:33:48.196667Z  INFO scan_sources: tailwindcss_oxide::scanner: Discovering "D:\\Freelancer\\constructor-management\\construction_frontend\\src\\app\\projects\\in-progress"
2026-02-02T10:33:48.196942Z  INFO scan_sources: tailwindcss_oxide::scanner: Discovering "D:\\Freelancer\\constructor-management\\construction_frontend\\src\\app\\projects\\[slug]"
2026-02-02T10:33:48.197176Z  INFO scan_sources: tailwindcss_oxide::scanner: Discovering "D:\\Freelancer\\constructor-management\\construction_frontend\\src\\app\\services"
2026-02-02T10:33:48.197350Z  INFO scan_sources: tailwindcss_oxide::scanner: Discovering "D:\\Freelancer\\constructor-management\\construction_frontend\\src\\app\\services\\bidding-consulting"
2026-02-02T10:33:48.197572Z  INFO scan_sources: tailwindcss_oxide::scanner: Discovering "D:\\Freelancer\\constructor-management\\construction_frontend\\src\\app\\services\\construction"
2026-02-02T10:33:48.197799Z  INFO scan_sources: tailwindcss_oxide::scanner: Discovering "D:\\Freelancer\\constructor-management\\construction_frontend\\src\\app\\services\\design-consulting"
2026-02-02T10:33:48.198069Z  INFO scan_sources: tailwindcss_oxide::scanner: Discovering "D:\\Freelancer\\constructor-management\\construction_frontend\\src\\app\\services\\project-management"
2026-02-02T10:33:48.198286Z  INFO scan_sources: tailwindcss_oxide::scanner: Discovering "D:\\Freelancer\\constructor-management\\construction_frontend\\src\\app\\services\\supervision"
2026-02-02T10:33:48.198521Z  INFO scan_sources: tailwindcss_oxide::scanner: Discovering "D:\\Freelancer\\constructor-management\\construction_frontend\\src\\app\\store"
2026-02-02T10:33:48.198756Z  INFO scan_sources: tailwindcss_oxide::scanner: Discovering "D:\\Freelancer\\constructor-management\\construction_frontend\\src\\components"
2026-02-02T10:33:48.198972Z  INFO scan_sources: tailwindcss_oxide::scanner: Discovering "D:\\Freelancer\\constructor-management\\construction_frontend\\src\\components\\admin"
2026-02-02T10:33:48.199255Z  INFO scan_sources: tailwindcss_oxide::scanner: Discovering "D:\\Freelancer\\constructor-management\\construction_frontend\\src\\components\\auth"
2026-02-02T10:33:48.199674Z  INFO scan_sources: tailwindcss_oxide::scanner: Discovering "D:\\Freelancer\\constructor-management\\construction_frontend\\src\\components\\ui"
2026-02-02T10:33:48.200147Z  INFO scan_sources: tailwindcss_oxide::scanner: Discovering "D:\\Freelancer\\constructor-management\\construction_frontend\\src\\constants"
2026-02-02T10:33:48.200367Z  INFO scan_sources: tailwindcss_oxide::scanner: Discovering "D:\\Freelancer\\constructor-management\\construction_frontend\\src\\contexts"
2026-02-02T10:33:48.200583Z  INFO scan_sources: tailwindcss_oxide::scanner: Discovering "D:\\Freelancer\\constructor-management\\construction_frontend\\src\\hooks"
2026-02-02T10:33:48.200979Z  INFO scan_sources: tailwindcss_oxide::scanner: Discovering "D:\\Freelancer\\constructor-management\\construction_frontend\\src\\lib"
2026-02-02T10:33:48.201269Z  INFO scan_sources: tailwindcss_oxide::scanner: Discovering "D:\\Freelancer\\constructor-management\\construction_frontend\\src\\providers"
2026-02-02T10:33:48.201522Z  INFO scan_sources: tailwindcss_oxide::scanner: Discovering "D:\\Freelancer\\constructor-management\\construction_frontend\\src\\services"
2026-02-02T10:33:48.201880Z  INFO scan_sources: tailwindcss_oxide::scanner: Discovering "D:\\Freelancer\\constructor-management\\construction_frontend\\src\\types"
2026-02-02T10:33:48.202231Z  INFO scan_sources: tailwindcss_oxide::scanner: Discovering "D:\\Freelancer\\constructor-management\\construction_frontend\\src\\utils"
2026-02-02T10:33:48.202568Z  INFO scan_sources: tailwindcss_oxide::scanner: exit
2026-02-02T10:33:48.202581Z  INFO extract_candidates: tailwindcss_oxide::scanner: enter
2026-02-02T10:33:48.202587Z  INFO extract_candidates:read_all_files: tailwindcss_oxide::scanner: enter
2026-02-02T10:33:48.202592Z  INFO extract_candidates:read_all_files: tailwindcss_oxide::scanner: Reading 0 file(s)
2026-02-02T10:33:48.202598Z  INFO extract_candidates:read_all_files: tailwindcss_oxide::scanner: exit
2026-02-02T10:33:48.202603Z  INFO extract_candidates:parse_all_blobs: tailwindcss_oxide::scanner: enter
2026-02-02T10:33:48.202608Z  INFO extract_candidates:parse_all_blobs:extract: tailwindcss_oxide::scanner: enter
2026-02-02T10:33:48.202613Z  INFO extract_candidates:parse_all_blobs:extract: tailwindcss_oxide::scanner: exit
2026-02-02T10:33:48.202617Z  INFO extract_candidates:parse_all_blobs: tailwindcss_oxide::scanner: exit
2026-02-02T10:33:48.202624Z  INFO extract_candidates: tailwindcss_oxide::scanner: exit
2026-02-02T10:33:48.204009Z  INFO get_files: tailwindcss_oxide::scanner: enter
2026-02-02T10:33:48.204020Z  INFO get_files:scan_sources: tailwindcss_oxide::scanner: enter
2026-02-02T10:33:48.205578Z  INFO get_files:scan_sources: tailwindcss_oxide::scanner: Discovering "D:\\Freelancer\\constructor-management\\construction_frontend\\.vscode"
2026-02-02T10:33:48.205868Z  INFO get_files:scan_sources: tailwindcss_oxide::scanner: Discovering "D:\\Freelancer\\constructor-management\\construction_frontend\\messages"
2026-02-02T10:33:48.206411Z  INFO get_files:scan_sources: tailwindcss_oxide::scanner: Discovering "D:\\Freelancer\\constructor-management\\construction_frontend\\public"
2026-02-02T10:33:48.206589Z  INFO get_files:scan_sources: tailwindcss_oxide::scanner: Discovering "D:\\Freelancer\\constructor-management\\construction_frontend\\public\\banner"
2026-02-02T10:33:48.206818Z  INFO get_files:scan_sources: tailwindcss_oxide::scanner: Discovering "D:\\Freelancer\\constructor-management\\construction_frontend\\public\\certificate"
2026-02-02T10:33:48.207010Z  INFO get_files:scan_sources: tailwindcss_oxide::scanner: Discovering "D:\\Freelancer\\constructor-management\\construction_frontend\\public\\design-consulting"
2026-02-02T10:33:48.207304Z  INFO get_files:scan_sources: tailwindcss_oxide::scanner: Discovering "D:\\Freelancer\\constructor-management\\construction_frontend\\public\\image"
2026-02-02T10:33:48.207540Z  INFO get_files:scan_sources: tailwindcss_oxide::scanner: Discovering "D:\\Freelancer\\constructor-management\\construction_frontend\\public\\persons"
2026-02-02T10:33:48.207733Z  INFO get_files:scan_sources: tailwindcss_oxide::scanner: Discovering "D:\\Freelancer\\constructor-management\\construction_frontend\\public\\products"
2026-02-02T10:33:48.207934Z  INFO get_files:scan_sources: tailwindcss_oxide::scanner: Discovering "D:\\Freelancer\\constructor-management\\construction_frontend\\public\\project-management"
2026-02-02T10:33:48.208264Z  INFO get_files:scan_sources: tailwindcss_oxide::scanner: Discovering "D:\\Freelancer\\constructor-management\\construction_frontend\\src"
2026-02-02T10:33:48.208434Z  INFO get_files:scan_sources: tailwindcss_oxide::scanner: Discovering "D:\\Freelancer\\constructor-management\\construction_frontend\\src\\app"
2026-02-02T10:33:48.208601Z  INFO get_files:scan_sources: tailwindcss_oxide::scanner: Discovering "D:\\Freelancer\\constructor-management\\construction_frontend\\src\\app\\about"
2026-02-02T10:33:48.208819Z  INFO get_files:scan_sources: tailwindcss_oxide::scanner: Discovering "D:\\Freelancer\\constructor-management\\construction_frontend\\src\\app\\admin"
2026-02-02T10:33:48.208986Z  INFO get_files:scan_sources: tailwindcss_oxide::scanner: Discovering "D:\\Freelancer\\constructor-management\\construction_frontend\\src\\app\\admin\\contacts"
2026-02-02T10:33:48.209200Z  INFO get_files:scan_sources: tailwindcss_oxide::scanner: Discovering "D:\\Freelancer\\constructor-management\\construction_frontend\\src\\app\\admin\\dashboard"
2026-02-02T10:33:48.209413Z  INFO get_files:scan_sources: tailwindcss_oxide::scanner: Discovering "D:\\Freelancer\\constructor-management\\construction_frontend\\src\\app\\admin\\design-templates"
2026-02-02T10:33:48.209689Z  INFO get_files:scan_sources: tailwindcss_oxide::scanner: Discovering "D:\\Freelancer\\constructor-management\\construction_frontend\\src\\app\\admin\\projects"
2026-02-02T10:33:48.209859Z  INFO get_files:scan_sources: tailwindcss_oxide::scanner: Discovering "D:\\Freelancer\\constructor-management\\construction_frontend\\src\\app\\admin\\projects\\component"
2026-02-02T10:33:48.210188Z  INFO get_files:scan_sources: tailwindcss_oxide::scanner: Discovering "D:\\Freelancer\\constructor-management\\construction_frontend\\src\\app\\admin\\projects\\hooks"
2026-02-02T10:33:48.210507Z  INFO get_files:scan_sources: tailwindcss_oxide::scanner: Discovering "D:\\Freelancer\\constructor-management\\construction_frontend\\src\\app\\api"
2026-02-02T10:33:48.210672Z  INFO get_files:scan_sources: tailwindcss_oxide::scanner: Discovering "D:\\Freelancer\\constructor-management\\construction_frontend\\src\\app\\api\\auth"
2026-02-02T10:33:48.210836Z  INFO get_files:scan_sources: tailwindcss_oxide::scanner: Discovering "D:\\Freelancer\\constructor-management\\construction_frontend\\src\\app\\api\\auth\\register"
2026-02-02T10:33:48.211048Z  INFO get_files:scan_sources: tailwindcss_oxide::scanner: Discovering "D:\\Freelancer\\constructor-management\\construction_frontend\\src\\app\\api\\auth\\[...nextauth]"
2026-02-02T10:33:48.211302Z  INFO get_files:scan_sources: tailwindcss_oxide::scanner: Discovering "D:\\Freelancer\\constructor-management\\construction_frontend\\src\\app\\auth"
2026-02-02T10:33:48.211502Z  INFO get_files:scan_sources: tailwindcss_oxide::scanner: Discovering "D:\\Freelancer\\constructor-management\\construction_frontend\\src\\app\\auth\\component"
2026-02-02T10:33:48.211810Z  INFO get_files:scan_sources: tailwindcss_oxide::scanner: Discovering "D:\\Freelancer\\constructor-management\\construction_frontend\\src\\app\\auth\\redirect"
2026-02-02T10:33:48.212037Z  INFO get_files:scan_sources: tailwindcss_oxide::scanner: Discovering "D:\\Freelancer\\constructor-management\\construction_frontend\\src\\app\\contact"
2026-02-02T10:33:48.212381Z  INFO get_files:scan_sources: tailwindcss_oxide::scanner: Discovering "D:\\Freelancer\\constructor-management\\construction_frontend\\src\\app\\projects"
2026-02-02T10:33:48.212549Z  INFO get_files:scan_sources: tailwindcss_oxide::scanner: Discovering "D:\\Freelancer\\constructor-management\\construction_frontend\\src\\app\\projects\\completed"
2026-02-02T10:33:48.212763Z  INFO get_files:scan_sources: tailwindcss_oxide::scanner: Discovering "D:\\Freelancer\\constructor-management\\construction_frontend\\src\\app\\projects\\design-templates"
2026-02-02T10:33:48.212979Z  INFO get_files:scan_sources: tailwindcss_oxide::scanner: Discovering "D:\\Freelancer\\constructor-management\\construction_frontend\\src\\app\\projects\\in-progress"
2026-02-02T10:33:48.213225Z  INFO get_files:scan_sources: tailwindcss_oxide::scanner: Discovering "D:\\Freelancer\\constructor-management\\construction_frontend\\src\\app\\projects\\[slug]"
2026-02-02T10:33:48.213459Z  INFO get_files:scan_sources: tailwindcss_oxide::scanner: Discovering "D:\\Freelancer\\constructor-management\\construction_frontend\\src\\app\\services"
2026-02-02T10:33:48.213631Z  INFO get_files:scan_sources: tailwindcss_oxide::scanner: Discovering "D:\\Freelancer\\constructor-management\\construction_frontend\\src\\app\\services\\bidding-consulting"
2026-02-02T10:33:48.213850Z  INFO get_files:scan_sources: tailwindcss_oxide::scanner: Discovering "D:\\Freelancer\\constructor-management\\construction_frontend\\src\\app\\services\\construction"
2026-02-02T10:33:48.214063Z  INFO get_files:scan_sources: tailwindcss_oxide::scanner: Discovering "D:\\Freelancer\\constructor-management\\construction_frontend\\src\\app\\services\\design-consulting"
2026-02-02T10:33:48.214311Z  INFO get_files:scan_sources: tailwindcss_oxide::scanner: Discovering "D:\\Freelancer\\constructor-management\\construction_frontend\\src\\app\\services\\project-management"
2026-02-02T10:33:48.214527Z  INFO get_files:scan_sources: tailwindcss_oxide::scanner: Discovering "D:\\Freelancer\\constructor-management\\construction_frontend\\src\\app\\services\\supervision"
2026-02-02T10:33:48.214756Z  INFO get_files:scan_sources: tailwindcss_oxide::scanner: Discovering "D:\\Freelancer\\constructor-management\\construction_frontend\\src\\app\\store"
2026-02-02T10:33:48.214995Z  INFO get_files:scan_sources: tailwindcss_oxide::scanner: Discovering "D:\\Freelancer\\constructor-management\\construction_frontend\\src\\components"
2026-02-02T10:33:48.215169Z  INFO get_files:scan_sources: tailwindcss_oxide::scanner: Discovering "D:\\Freelancer\\constructor-management\\construction_frontend\\src\\components\\admin"
2026-02-02T10:33:48.215449Z  INFO get_files:scan_sources: tailwindcss_oxide::scanner: Discovering "D:\\Freelancer\\constructor-management\\construction_frontend\\src\\components\\auth"
2026-02-02T10:33:48.215874Z  INFO get_files:scan_sources: tailwindcss_oxide::scanner: Discovering "D:\\Freelancer\\constructor-management\\construction_frontend\\src\\components\\ui"
2026-02-02T10:33:48.216282Z  INFO get_files:scan_sources: tailwindcss_oxide::scanner: Discovering "D:\\Freelancer\\constructor-management\\construction_frontend\\src\\constants"
2026-02-02T10:33:48.216501Z  INFO get_files:scan_sources: tailwindcss_oxide::scanner: Discovering "D:\\Freelancer\\constructor-management\\construction_frontend\\src\\contexts"
2026-02-02T10:33:48.216719Z  INFO get_files:scan_sources: tailwindcss_oxide::scanner: Discovering "D:\\Freelancer\\constructor-management\\construction_frontend\\src\\hooks"
2026-02-02T10:33:48.217102Z  INFO get_files:scan_sources: tailwindcss_oxide::scanner: Discovering "D:\\Freelancer\\constructor-management\\construction_frontend\\src\\lib"
2026-02-02T10:33:48.217376Z  INFO get_files:scan_sources: tailwindcss_oxide::scanner: Discovering "D:\\Freelancer\\constructor-management\\construction_frontend\\src\\providers"
2026-02-02T10:33:48.217620Z  INFO get_files:scan_sources: tailwindcss_oxide::scanner: Discovering "D:\\Freelancer\\constructor-management\\construction_frontend\\src\\services"
2026-02-02T10:33:48.217959Z  INFO get_files:scan_sources: tailwindcss_oxide::scanner: Discovering "D:\\Freelancer\\constructor-management\\construction_frontend\\src\\types"
2026-02-02T10:33:48.218290Z  INFO get_files:scan_sources: tailwindcss_oxide::scanner: Discovering "D:\\Freelancer\\constructor-management\\construction_frontend\\src\\utils"
2026-02-02T10:33:48.218595Z  INFO get_files:scan_sources: tailwindcss_oxide::scanner: exit
2026-02-02T10:33:48.218720Z  INFO get_files: tailwindcss_oxide::scanner: exit
2026-02-02T10:33:48.219066Z  INFO get_globs: tailwindcss_oxide::scanner: enter
2026-02-02T10:33:48.219079Z  INFO get_globs: tailwindcss_oxide::scanner: exit
